../Core/Src/main.c:70:6:draw_character	40	static
../Core/Src/main.c:80:6:draw_digit	32	static
../Core/Src/main.c:93:6:draw_number	16	static
../Core/Src/main.c:115:6:print_to_screen	16	static
../Core/Src/main.c:119:6:send_data	128	static
../Core/Src/main.c:128:6:send_cmd_to_display	32	static
../Core/Src/main.c:135:6:init_display	32	static
../Core/Src/main.c:190:6:render_display	48	static
../Core/Src/main.c:218:6:clear_display	8	static
../Core/Src/main.c:230:5:main	96	static
../Core/Src/main.c:298:6:SystemClock_Config	88	static
../Core/Src/main.c:346:13:MX_I2C1_Init	8	static
../Core/Src/main.c:380:13:MX_USART2_UART_Init	8	static
../Core/Src/main.c:413:13:MX_GPIO_Init	48	static
../Core/Src/main.c:443:6:HAL_UART_RxCpltCallback	80	static
../Core/Src/main.c:470:6:Error_Handler	4	static,ignoring_inline_asm
