../Core/Src/main.c:81:6:project_to_larger_num_size	48	static
../Core/Src/main.c:104:5:min	16	static
../Core/Src/main.c:109:6:draw_character	80	static
../Core/Src/main.c:145:6:draw_digit	32	static
../Core/Src/main.c:150:6:draw_date	16	static
../Core/Src/main.c:165:6:draw_time	16	static
../Core/Src/main.c:179:6:print_to_screen	16	static
../Core/Src/main.c:183:6:send_data	128	static
../Core/Src/main.c:192:6:send_cmd_to_display	32	static
../Core/Src/main.c:199:6:init_display	32	static
../Core/Src/main.c:254:6:render_display	48	static
../Core/Src/main.c:282:6:clear_display	8	static
../Core/Src/main.c:294:5:main	96	static
../Core/Src/main.c:450:6:SystemClock_Config	88	static
../Core/Src/main.c:498:13:MX_I2C1_Init	8	static
../Core/Src/main.c:532:13:MX_USART2_UART_Init	8	static
../Core/Src/main.c:565:13:MX_GPIO_Init	48	static
../Core/Src/main.c:595:6:HAL_UART_RxCpltCallback	80	static
../Core/Src/main.c:622:6:Error_Handler	4	static,ignoring_inline_asm
